============================= test session starts =============================
platform win32 -- Python 3.13.6, pytest-9.0.2, pluggy-1.6.0 -- C:\Users\Naiti\AppData\Local\Programs\Python\Python313\python.exe
cachedir: .pytest_cache
rootdir: C:\Users\Naiti\.gemini\antigravity\scratch\legal_doc_analysis
configfile: pyproject.toml
plugins: anyio-4.12.0, langsmith-0.5.1
collecting ... collected 9 items

test_environment.py::test_environment_initialization PASSED              [ 11%]
test_environment.py::test_task_1_classification_reward FAILED            [ 22%]
test_environment.py::test_task_2_risk_flagging PASSED                    [ 33%]
test_environment.py::test_task_3_compliance_audit PASSED                 [ 44%]
test_environment.py::test_task_4_ediscovery_search PASSED                [ 55%]
test_environment.py::test_task_5_precedents PASSED                       [ 66%]
test_environment.py::test_reset_clears_state FAILED                      [ 77%]
test_environment.py::test_episode_boundary FAILED                        [ 88%]
test_environment.py::test_all_tasks_initialize PASSED                    [100%]

================================== FAILURES ===================================
______________________ test_task_1_classification_reward ______________________

env = <server.environment.LegalDocEnvironment object at 0x000001143D6C51D0>

    def test_task_1_classification_reward(env):
        """Test that a correct sequence yields positive rewards and done=True."""
        env.reset("task_1")
    
        # 1. Unknown action should penalize
>       result = env.step(ActionRequest(action_type="invalid_action", parameters={}))
                 ^^^^^^^^^^^^^^^^^^^^^^^^^^^^^^^^^^^^^^^^^^^^^^^^^^^^^^^^^^^^^^^^^^^^

test_environment.py:34: 
_ _ _ _ _ _ _ _ _ _ _ _ _ _ _ _ _ _ _ _ _ _ _ _ _ _ _ _ _ _ _ _ _ _ _ _ _ _ _ _

self = <server.environment.LegalDocEnvironment object at 0x000001143D6C51D0>
action = ActionRequest(action_type='invalid_action', parameters={})

    def step(self, action: ActionRequest) -> StepResponse:
        """Process one agent action and return observation + reward.
    
        Reward computation:
            1. Snapshot the grader score before processing the action (old_score).
            2. Execute the action handler, which updates findings.
            3. Re-run the grader to get the new score (new_score).
            4. reward = (new_score - old_score) + step_penalty
               where step_penalty is negative if the handler reported an error.
        """
        if self._done:
            return StepResponse(
                observation=self._make_observation("Episode is already complete. Call reset() to start a new episode."),
                reward=0.0,
                done=True,
                score=self._score,
                info={"episode_id": self._episode_id, "score": self._score}
            )
    
        self._step_count += 1
        self._last_read_text = None  # Clear per-step
        action_type = action.action_type
        params = action.parameters
    
        # Snapshot grader score before action
>       old_score = self._run_grader()
                    ^^^^^^^^^^^^^^^^^^

server\environment.py:167: 
_ _ _ _ _ _ _ _ _ _ _ _ _ _ _ _ _ _ _ _ _ _ _ _ _ _ _ _ _ _ _ _ _ _ _ _ _ _ _ _

self = <server.environment.LegalDocEnvironment object at 0x000001143D6C51D0>

    def _run_grader(self) -> float:
        """Run the deterministic grader for the current task.
    
        Returns a score in [0.0, 1.0].
        """
        grader = GRADERS.get(self._task_id)
        if grader is None:
            return 0.0
>       return grader(self._findings, self._ground_truth)
               ^^^^^^^^^^^^^^^^^^^^^^^^^^^^^^^^^^^^^^^^^^

server\environment.py:559: 
_ _ _ _ _ _ _ _ _ _ _ _ _ _ _ _ _ _ _ _ _ _ _ _ _ _ _ _ _ _ _ _ _ _ _ _ _ _ _ _

findings = {'argument_chain': [], 'case_searches': [], 'cited_precedents': [], 'classification': None, ...}
ground_truth = {'date': '2024-03-15', 'doc_type': 'nda', 'parties': ['Reliance Tech', 'Tata Data Solutions']}

    def grade_task1(findings: Dict[str, Any], ground_truth: Dict[str, Any]) -> float:
        """Grade Task 1: Classification + Party Extraction + Date."""
        score = 0.0
    
        gt_type = _normalize(ground_truth["doc_type"])
        pred_type = _normalize(findings.get("classification", ""))
        if pred_type == gt_type:
            score += 0.30
    
        gt_parties = ground_truth["parties"]
        pred_parties_raw = findings.get("parties", [])
        if isinstance(pred_parties_raw, str):
            pred_parties_raw = [p.strip() for p in pred_parties_raw.split(",") if p.strip()]
    
        matched = 0
        unmatched_gt = list(gt_parties)
        for pred in pred_parties_raw:
            for i, gt in enumerate(unmatched_gt):
                if _party_match(pred, gt):
                    matched += 1
                    unmatched_gt.pop(i)
                    break
    
        precision = matched / len(pred_parties_raw) if pred_parties_raw else 0.0
        recall = matched / len(gt_parties) if gt_parties else 1.0
        party_f1 = _f1(precision, recall)
        score += 0.40 * party_f1
    
        gt_date = ground_truth["date"]
>       pred_date = findings.get("date", "").strip()
                    ^^^^^^^^^^^^^^^^^^^^^^^^^^^^^^
E       AttributeError: 'NoneType' object has no attribute 'strip'

server\tasks.py:204: AttributeError
___________________________ test_reset_clears_state ___________________________

env = <server.environment.LegalDocEnvironment object at 0x000001143D7C85A0>

    def test_reset_clears_state(env):
        """Verify that reset produces a clean slate with no carryover."""
        env.reset("task_1")
>       env.step(ActionRequest(action_type="classify_document", parameters={"doc_index": 0, "document_type": "nda"}))

test_environment.py:126: 
_ _ _ _ _ _ _ _ _ _ _ _ _ _ _ _ _ _ _ _ _ _ _ _ _ _ _ _ _ _ _ _ _ _ _ _ _ _ _ _

self = <server.environment.LegalDocEnvironment object at 0x000001143D7C85A0>
action = ActionRequest(action_type='classify_document', parameters={'doc_index': 0, 'document_type': 'nda'})

    def step(self, action: ActionRequest) -> StepResponse:
        """Process one agent action and return observation + reward.
    
        Reward computation:
            1. Snapshot the grader score before processing the action (old_score).
            2. Execute the action handler, which updates findings.
            3. Re-run the grader to get the new score (new_score).
            4. reward = (new_score - old_score) + step_penalty
               where step_penalty is negative if the handler reported an error.
        """
        if self._done:
            return StepResponse(
                observation=self._make_observation("Episode is already complete. Call reset() to start a new episode."),
                reward=0.0,
                done=True,
                score=self._score,
                info={"episode_id": self._episode_id, "score": self._score}
            )
    
        self._step_count += 1
        self._last_read_text = None  # Clear per-step
        action_type = action.action_type
        params = action.parameters
    
        # Snapshot grader score before action
>       old_score = self._run_grader()
                    ^^^^^^^^^^^^^^^^^^

server\environment.py:167: 
_ _ _ _ _ _ _ _ _ _ _ _ _ _ _ _ _ _ _ _ _ _ _ _ _ _ _ _ _ _ _ _ _ _ _ _ _ _ _ _

self = <server.environment.LegalDocEnvironment object at 0x000001143D7C85A0>

    def _run_grader(self) -> float:
        """Run the deterministic grader for the current task.
    
        Returns a score in [0.0, 1.0].
        """
        grader = GRADERS.get(self._task_id)
        if grader is None:
            return 0.0
>       return grader(self._findings, self._ground_truth)
               ^^^^^^^^^^^^^^^^^^^^^^^^^^^^^^^^^^^^^^^^^^

server\environment.py:559: 
_ _ _ _ _ _ _ _ _ _ _ _ _ _ _ _ _ _ _ _ _ _ _ _ _ _ _ _ _ _ _ _ _ _ _ _ _ _ _ _

findings = {'argument_chain': [], 'case_searches': [], 'cited_precedents': [], 'classification': None, ...}
ground_truth = {'date': '2024-03-15', 'doc_type': 'nda', 'parties': ['Reliance Tech', 'Tata Data Solutions']}

    def grade_task1(findings: Dict[str, Any], ground_truth: Dict[str, Any]) -> float:
        """Grade Task 1: Classification + Party Extraction + Date."""
        score = 0.0
    
        gt_type = _normalize(ground_truth["doc_type"])
        pred_type = _normalize(findings.get("classification", ""))
        if pred_type == gt_type:
            score += 0.30
    
        gt_parties = ground_truth["parties"]
        pred_parties_raw = findings.get("parties", [])
        if isinstance(pred_parties_raw, str):
            pred_parties_raw = [p.strip() for p in pred_parties_raw.split(",") if p.strip()]
    
        matched = 0
        unmatched_gt = list(gt_parties)
        for pred in pred_parties_raw:
            for i, gt in enumerate(unmatched_gt):
                if _party_match(pred, gt):
                    matched += 1
                    unmatched_gt.pop(i)
                    break
    
        precision = matched / len(pred_parties_raw) if pred_parties_raw else 0.0
        recall = matched / len(gt_parties) if gt_parties else 1.0
        party_f1 = _f1(precision, recall)
        score += 0.40 * party_f1
    
        gt_date = ground_truth["date"]
>       pred_date = findings.get("date", "").strip()
                    ^^^^^^^^^^^^^^^^^^^^^^^^^^^^^^
E       AttributeError: 'NoneType' object has no attribute 'strip'

server\tasks.py:204: AttributeError
____________________________ test_episode_boundary ____________________________

env = <server.environment.LegalDocEnvironment object at 0x000001143D637AC0>

    def test_episode_boundary(env):
        """Verify that done flag works correctly and prevents further actions."""
        env.reset("task_1")
>       result = env.step(ActionRequest(action_type="submit_analysis", parameters={}))
                 ^^^^^^^^^^^^^^^^^^^^^^^^^^^^^^^^^^^^^^^^^^^^^^^^^^^^^^^^^^^^^^^^^^^^^

test_environment.py:139: 
_ _ _ _ _ _ _ _ _ _ _ _ _ _ _ _ _ _ _ _ _ _ _ _ _ _ _ _ _ _ _ _ _ _ _ _ _ _ _ _

self = <server.environment.LegalDocEnvironment object at 0x000001143D637AC0>
action = ActionRequest(action_type='submit_analysis', parameters={})

    def step(self, action: ActionRequest) -> StepResponse:
        """Process one agent action and return observation + reward.
    
        Reward computation:
            1. Snapshot the grader score before processing the action (old_score).
            2. Execute the action handler, which updates findings.
            3. Re-run the grader to get the new score (new_score).
            4. reward = (new_score - old_score) + step_penalty
               where step_penalty is negative if the handler reported an error.
        """
        if self._done:
            return StepResponse(
                observation=self._make_observation("Episode is already complete. Call reset() to start a new episode."),
                reward=0.0,
                done=True,
                score=self._score,
                info={"episode_id": self._episode_id, "score": self._score}
            )
    
        self._step_count += 1
        self._last_read_text = None  # Clear per-step
        action_type = action.action_type
        params = action.parameters
    
        # Snapshot grader score before action
>       old_score = self._run_grader()
                    ^^^^^^^^^^^^^^^^^^

server\environment.py:167: 
_ _ _ _ _ _ _ _ _ _ _ _ _ _ _ _ _ _ _ _ _ _ _ _ _ _ _ _ _ _ _ _ _ _ _ _ _ _ _ _

self = <server.environment.LegalDocEnvironment object at 0x000001143D637AC0>

    def _run_grader(self) -> float:
        """Run the deterministic grader for the current task.
    
        Returns a score in [0.0, 1.0].
        """
        grader = GRADERS.get(self._task_id)
        if grader is None:
            return 0.0
>       return grader(self._findings, self._ground_truth)
               ^^^^^^^^^^^^^^^^^^^^^^^^^^^^^^^^^^^^^^^^^^

server\environment.py:559: 
_ _ _ _ _ _ _ _ _ _ _ _ _ _ _ _ _ _ _ _ _ _ _ _ _ _ _ _ _ _ _ _ _ _ _ _ _ _ _ _

findings = {'argument_chain': [], 'case_searches': [], 'cited_precedents': [], 'classification': None, ...}
ground_truth = {'date': '2024-03-15', 'doc_type': 'nda', 'parties': ['Reliance Tech', 'Tata Data Solutions']}

    def grade_task1(findings: Dict[str, Any], ground_truth: Dict[str, Any]) -> float:
        """Grade Task 1: Classification + Party Extraction + Date."""
        score = 0.0
    
        gt_type = _normalize(ground_truth["doc_type"])
        pred_type = _normalize(findings.get("classification", ""))
        if pred_type == gt_type:
            score += 0.30
    
        gt_parties = ground_truth["parties"]
        pred_parties_raw = findings.get("parties", [])
        if isinstance(pred_parties_raw, str):
            pred_parties_raw = [p.strip() for p in pred_parties_raw.split(",") if p.strip()]
    
        matched = 0
        unmatched_gt = list(gt_parties)
        for pred in pred_parties_raw:
            for i, gt in enumerate(unmatched_gt):
                if _party_match(pred, gt):
                    matched += 1
                    unmatched_gt.pop(i)
                    break
    
        precision = matched / len(pred_parties_raw) if pred_parties_raw else 0.0
        recall = matched / len(gt_parties) if gt_parties else 1.0
        party_f1 = _f1(precision, recall)
        score += 0.40 * party_f1
    
        gt_date = ground_truth["date"]
>       pred_date = findings.get("date", "").strip()
                    ^^^^^^^^^^^^^^^^^^^^^^^^^^^^^^
E       AttributeError: 'NoneType' object has no attribute 'strip'

server\tasks.py:204: AttributeError
=========================== short test summary info ===========================
FAILED test_environment.py::test_task_1_classification_reward - AttributeErro...
FAILED test_environment.py::test_reset_clears_state - AttributeError: 'NoneTy...
FAILED test_environment.py::test_episode_boundary - AttributeError: 'NoneType...
========================= 3 failed, 6 passed in 0.17s =========================
